actors
actor
actors
actor
async
async
a.async.foo
foo
a
a.async.bar
bar
Int
Future[Int]
join
actor
new
async
async
async.terminate
async.terminate_now
async.wait_termination
async.kill
active_actors
Sys
ReverseBlockingQueue
is_empty
active_actors
examples
examples/simple
backtrack
search
examples
examples/queens.nit
examples/puzzle.nit
android
-o
--dir
Tools > Android > SDK Manager
~/Android/Sdk/
app_name
app_namespace
app_version
../app/README.md
android_manifest
android_manifest_application
android_manifest_activity
android_api_min
android_api_max
android_api_target
minSdkVesion
targetSdkVersion
maxSdkVersion
android_activity
android::nit_activity
android::game
mnit
gamnit
app::ui
android
android::nit_activity
android::landscape
android::portrait
android/
android/res/values/color.xml
android/
android/res/mipmap-hdpi/ic_launcher.png
android/res/mipmap-anydpi-v26/ic_launcher.xml
android/
android/
nitc
--release
nitc
jarsigner
KEYSTORE_PATH
KEY_ALIAS
nitc
KEYSTORE
KEY_ALIAS
TSA_SERVER
~/.bashrc
nitc
--release
jarsigner
on_create
on_resume
on_pause
on_stop
on_restart
on_restart
on_stop
on_save_state
on_restore_state
app::data_store
on_restore_state
on_save_state
App
ui
app::ui
Control
View
Window
Button
TextInput
HorizontalLayout
VerticalLayout
on_event
Control
Button
on_event
Button
on_event
examples/ui_example.nit
app::ui
../../examples/calculator/src/calculator.nit
app::data_store
App::data_store
DataStore
DataStore::[]=
String
null
DataStore::[]
String
null
app::http_request
AsyncHttpRequest
AsyncHttpRequest
examples/http_request_example.nit
app_name
app_namespace
org.nitlanguage.{module_name}
app_version
git_revision
app_files
android
ios
android
ios
app_files
android
ios
calculator.nit
-m module
android_calculator.nit
calculator
android
brew
gamnit
App::frame_core
App::accept_event
flat
App::update
App::sprites
world_camera
position
reset_depth(desired_world_units_on_y)
z
position
App::ui_sprites
ui_camera
reset_depth(height_of_reference_display)
depth
Actor
flat
update
ui_sprites
actors
Actor
Model
limit_fps
keys
app.pressed_keys
model_parsers
network
SQuadTree
DQuadTree
ConvexPolygon
get_github_oauth
README.md
brew install ios-sim
hello_ios
lib/ios/examples/
nitc hello_world.nit
ios-sim hello_world.app
examples/calculator
contrib/tnitter/
ios/AppIcon.appiconset
Contents.json
svg_to_icons
contrib/inkscape_tools/bin/svg_to_icons
Contents.json
Contents.json
serialize_to_json
JsonSerializer
serialize_to_json
JsonSerializer
plain=true
serialize_to_json
pretty=true
Serializable
core
serialize
Serializable
serialize_to_json
JsonSerializer
JsonDeserializer
JsonDeserializer
json::dynamic
json::static
JsonDeserializer
Map
Array
JsonDeserializer::errors
__class
JsonSerializer
JsonDeserializer::class_name_heuristic
JsonDeserializer
deserialize
deserialize_json
JsonDeserializer
lazy
null
errors
nitmd
markdown
tests
test_process*
test_daring*
Action
answer
HttpRequest
HttpResponse
FileServer
Action
HttpRequest
HttpResponse
Action
Route
serialization
mongodb
sqlite
nitiwiki
Action
FileServer
lib/nitcorn/examples/
http://xymus.net/
../contrib/xymus_net/xymus_net.nit
contrib/
Action
https://stanfordnlp.github.io/CoreNLP/corenlp-server.html
app.nit
/
req
res
curl
MyHandler
METHOD
get
post
put
delete
/
/user
StaticHandler
public
public
StaticHandler
use
StaticHandler
/static
StaticHandler
default.html
req
req
all(res, req)
all
?q=foo
Handler::match(uri)
/
/about
/random.text
App::use
/
/about
/random.text
:
:userId
:year
UserHome
user
UserHome
/:user
/Morriar
/10
/Morriar/profile
*
UserItem
/user/:user/item/:item
res
404 Not found
res.html()
res.json()
res.redirect()
res.send()
res.error()
App
pre-middlewares
use_before(pre_middleware)
pre-middlewares
response-handlers
use(handler)
response-handlers
post-middlewares
use_after(post_handler)
post-middlewares
HttpResponse
res.send()
MyLogger
/*
MyLogger
use_before
RequestClock
ConsoleLog
timer
HttpRequest
req
RequestTimeHandler
use_before
RequestTimeHandler
HelloHandler
LogHandler
timer
use_after
LogHandler
RequestTimeHandler
HelloHandler
LogHandler
RequestClock
ConsoleLog
RequestClock
SessionInit
Sessions
StaticServer
Serving static files with Popcorn
Router
Mountable routers
Router
Time
SimpleErrorHandler
SessionInit
req
SessionInit
/*
SessionInit
null
db
index.html
posix
posix::ext
Thread
Mutex
Barrier
redef_collections
concurrent_collections
is threaded
is threaded
Thread
is_done
Thread
join
join
null
man pthreads
examples/concurrent_array_and_barrier.nit
sdl2
sdl2::image
sdl2
sdl2::image
SDLSurface::load
sdl2::all
sdl2
sdl2::image
minimal
examples/minimal
serialize
noserialize
Serializable
Serializer
Deserializer
serialize
serialize
Person
==
hash
==
serialize
Person
serialize
Serializable
serialize
serialize
serialize
serialize
serialize
Serializable
serialize
noserialize
noserialize
serialize
noserialize
noserialize
serialize
noserialize
serialize
Serializable
noserialize
lazy
serialize_as
serialize_as
class
type
serialize
Serializable
core_serialize_to
Serializer::serialize_attribute
serialize_attribute
Deserializer::deserialize_class
serialize
User
name
password
avatar
User::core_serialize_to
Deserializer::deserialize_class
serialization::serialization
serialize
Serializable
Serializer
Deserializer
JsonSerializer
JsonDeserializer
json_serialization
nitserial
Array
Array[MySerializable]
nitserial
my_prog.nit
Array[MySerializable]
nitserial my_prog.nit
my_prog_serial.nit
nitc my_prog.nit -m my_prog_serial.nit
vsm
